// Jest Snapshot v1, https://goo.gl/fbAQLP

exports[`>>> Button --- Snapshot +++capturing snapshot of Button 1`] = `
<button
  onClick={[Function]}
  type="button"
>
  Logout
</button>
`;
